<html>
<body>
<pre>
<h1>µVision Build Log</h1>
<h2>Tool Versions:</h2>
IDE-Version: ¦ÌVision V5.25.2.0
Copyright (C) 2018 ARM Ltd and ARM Germany GmbH. All rights reserved.
License Information: wjq ASUS, wjq, LIC=----
 
Tool Versions:
Toolchain:       MDK-Lite  Version: 5.25.2.0
Toolchain Path:  C:\Keil_v5\ARM\ARMCC\Bin
C Compiler:      Armcc.exe V5.06 update 6 (build 750)
Assembler:       Armasm.exe V5.06 update 6 (build 750)
Linker/Locator:  ArmLink.exe V5.06 update 6 (build 750)
Library Manager: ArmAr.exe V5.06 update 6 (build 750)
Hex Converter:   FromElf.exe V5.06 update 6 (build 750)
CPU DLL:         SARMCM3.DLL V5.25.2.0
Dialog DLL:      DARMCM1.DLL V1.19.1.0
Target DLL:      Nu_Link.dll V3.09
Dialog DLL:      TARMCM1.DLL V1.14.0.0
 
<h2>Project:</h2>
C:\Users\ASUS\Desktop\Mini58BSP-master\SampleCode\StdDriver\I2C_FIFO_EEPROM\KEIL\I2C_24LC64.uvprojx
Project File Date:  08/11/2022

<h2>Output:</h2>
*** Using Compiler 'V5.06 update 6 (build 750)', folder: 'C:\Keil_v5\ARM\ARMCC\Bin'
Build target 'I2C_24LC64'
creating preprocessor file for system_Mini58Series.c...
creating preprocessor file for main.c...
creating preprocessor file for retarget.c...
compiling main.c...
creating preprocessor file for clk.c...
creating preprocessor file for i2c.c...
creating preprocessor file for sys.c...
creating preprocessor file for gpio.c...
creating preprocessor file for uart.c...
linking...
Program Size: Code=2772 RO-data=224 RW-data=32 ZI-data=512  
After Build - User command #1: fromelf --bin ".\obj\I2C_24LC64.axf" --output ".\obj\I2C_24LC64.bin"
After Build - User command #2: fromelf --text -c ".\obj\I2C_24LC64.axf" --output ".\obj\I2C_24LC64.txt"
".\obj\I2C_24LC64.axf" - 0 Error(s), 0 Warning(s).

<h2>Software Packages used:</h2>

Package Vendor: ARM
                http://www.keil.com/pack/ARM.CMSIS.5.3.0.pack
                ARM.CMSIS.5.3.0
                CMSIS (Cortex Microcontroller Software Interface Standard)
   * Component: CORE Version: 5.1.1

Package Vendor: Nuvoton
                https://github.com/OpenNuvoton/cmsis-packs/raw/master/Nuvoton_DFP/Nuvoton.NuMicro_DFP.1.3.18.pack
                Nuvoton.NuMicro_DFP.1.3.18
                Nuvoton ARM Cortex-M NuMicro Family Device Support

<h2>Collection of Component include folders:</h2>
  .\RTE\_I2C_24LC64
  C:\Keil_v5\ARM\PACK\ARM\CMSIS\5.3.0\CMSIS\Include
  C:\Keil_v5\ARM\PACK\Nuvoton\NuMicro_DFP\1.3.18\Device\Mini58\Include

<h2>Collection of Component Files used:</h2>

   * Component: ARM::CMSIS:CORE:5.1.1
Build Time Elapsed:  00:00:03
</pre>
</body>
</html>
