Component: ARM Compiler 5.06 update 6 (build 750) Tool: armlink [4d35ed]

==============================================================================

Memory Map of the image

  Image Entry point : 0x000000f1

  Load Region LR_1 (Base: 0x00000000, Size: 0x00000bd4, Max: 0xffffffff, ABSOLUTE)

    Execution Region ER_RO (Exec base: 0x00000000, Load base: 0x00000000, Size: 0x00000bb4, Max: 0xffffffff, ABSOLUTE)

    Exec Addr    Load Addr    Size         Type   Attr      Idx    E Section Name        Object

    0x00000000   0x00000000   0x000000c0   Data   RO           98    RESET               startup_mini58series.o
    0x000000c0   0x000000c0   0x00000000   Code   RO          759  * .ARM.Collect$$$$00000000  mc_p.l(entry.o)
    0x000000c0   0x000000c0   0x00000004   Code   RO         1025    .ARM.Collect$$$$00000001  mc_p.l(entry2.o)
    0x000000c4   0x000000c4   0x00000004   Code   RO         1028    .ARM.Collect$$$$00000004  mc_p.l(entry5.o)
    0x000000c8   0x000000c8   0x00000000   Code   RO         1030    .ARM.Collect$$$$00000008  mc_p.l(entry7b.o)
    0x000000c8   0x000000c8   0x00000000   Code   RO         1032    .ARM.Collect$$$$0000000A  mc_p.l(entry8b.o)
    0x000000c8   0x000000c8   0x00000008   Code   RO         1033    .ARM.Collect$$$$0000000B  mc_p.l(entry9a.o)
    0x000000d0   0x000000d0   0x00000000   Code   RO         1035    .ARM.Collect$$$$0000000D  mc_p.l(entry10a.o)
    0x000000d0   0x000000d0   0x00000000   Code   RO         1037    .ARM.Collect$$$$0000000F  mc_p.l(entry11a.o)
    0x000000d0   0x000000d0   0x00000004   Code   RO         1026    .ARM.Collect$$$$00002712  mc_p.l(entry2.o)
    0x000000d4   0x000000d4   0x0000001c   Code   RO          193    .emb_text           retarget.o
    0x000000f0   0x000000f0   0x00000014   Code   RO           99  * .text               startup_mini58series.o
    0x00000104   0x00000104   0x0000002c   Code   RO          762    .text               mc_p.l(uidiv.o)
    0x00000130   0x00000130   0x00000060   Code   RO         1039    .text               mc_p.l(uldiv.o)
    0x00000190   0x00000190   0x00000024   Code   RO         1052    .text               mc_p.l(init.o)
    0x000001b4   0x000001b4   0x00000020   Code   RO         1054    .text               mc_p.l(llshl.o)
    0x000001d4   0x000001d4   0x00000022   Code   RO         1056    .text               mc_p.l(llushr.o)
    0x000001f6   0x000001f6   0x00000002   PAD
    0x000001f8   0x000001f8   0x0000001c   Code   RO          295    i.CLK_EnableModuleClock  clk.o
    0x00000214   0x00000214   0x00000058   Code   RO          661    i.CLK_GetPLLClockFreq  uart.o
    0x0000026c   0x0000026c   0x00000024   Code   RO          306    i.CLK_SetHCLK       clk.o
    0x00000290   0x00000290   0x00000050   Code   RO          307    i.CLK_SetModuleClock  clk.o
    0x000002e0   0x000002e0   0x00000014   Code   RO          308    i.CLK_SetSysTickClockSrc  clk.o
    0x000002f4   0x000002f4   0x00000058   Code   RO          309    i.CLK_SysTickDelay  clk.o
    0x0000034c   0x0000034c   0x0000002c   Code   RO          310    i.CLK_WaitClockReady  clk.o
    0x00000378   0x00000378   0x00000028   Code   RO          195    i.Hard_Fault_Handler  retarget.o
    0x000003a0   0x000003a0   0x0000002c   Code   RO          106    i.I2C0_IRQHandler   main.o
    0x000003cc   0x000003cc   0x0000000a   Code   RO          433    i.I2C_ClearTimeoutFlag  i2c.o
    0x000003d6   0x000003d6   0x0000000a   Code   RO          438    i.I2C_EnableInt     i2c.o
    0x000003e0   0x000003e0   0x0000007c   Code   RO          107    i.I2C_MasterRx      main.o
    0x0000045c   0x0000045c   0x00000038   Code   RO          445    i.I2C_Open          i2c.o
    0x00000494   0x00000494   0x00000024   Code   RO          448    i.I2C_SetSlaveAddr  i2c.o
    0x000004b8   0x000004b8   0x000000a8   Code   RO          109    i.SYS_Init          main.o
    0x00000560   0x00000560   0x0000001c   Code   RO          564    i.SYS_ResetModule   sys.o
    0x0000057c   0x0000057c   0x00000020   Code   RO          198    i.SendChar_ToUART   retarget.o
    0x0000059c   0x0000059c   0x000000a8   Code   RO            3    i.SystemCoreClockUpdate  system_mini58series.o
    0x00000644   0x00000644   0x00000080   Code   RO          668    i.UART_Open         uart.o
    0x000006c4   0x000006c4   0x00000020   Code   RO          897    i.__0printf$5       mc_p.l(printf5.o)
    0x000006e4   0x000006e4   0x0000000e   Code   RO         1066    i.__scatterload_copy  mc_p.l(handlers.o)
    0x000006f2   0x000006f2   0x00000002   Code   RO         1067    i.__scatterload_null  mc_p.l(handlers.o)
    0x000006f4   0x000006f4   0x0000000e   Code   RO         1068    i.__scatterload_zeroinit  mc_p.l(handlers.o)
    0x00000702   0x00000702   0x00000002   PAD
    0x00000704   0x00000704   0x000002dc   Code   RO          904    i._printf_core      mc_p.l(printf5.o)
    0x000009e0   0x000009e0   0x0000000c   Code   RO          202    i.fputc             retarget.o
    0x000009ec   0x000009ec   0x00000100   Code   RO          110    i.main              main.o
    0x00000aec   0x00000aec   0x000000a8   Code   RO          204    i.stackDump         retarget.o
    0x00000b94   0x00000b94   0x00000020   Data   RO         1064    Region$$Table       anon$$obj.o


    Execution Region ER_RW (Exec base: 0x20000000, Load base: 0x00000bb4, Size: 0x00000020, Max: 0xffffffff, ABSOLUTE)

    Exec Addr    Load Addr    Size         Type   Attr      Idx    E Section Name        Object

    0x20000000   0x00000bb4   0x0000000c   Data   RW            5    .data               system_mini58series.o
    0x2000000c   0x00000bc0   0x00000004   Data   RW            6    .data               system_mini58series.o
    0x20000010   0x00000bc4   0x0000000c   Data   RW          111    .data               main.o
    0x2000001c   0x00000bd0   0x00000004   Data   RW          205    .data               retarget.o


    Execution Region ER_ZI (Exec base: 0x20000020, Load base: 0x00000bd4, Size: 0x00000200, Max: 0xffffffff, ABSOLUTE)

    Exec Addr    Load Addr    Size         Type   Attr      Idx    E Section Name        Object

    0x20000020        -       0x00000200   Zero   RW           96    STACK               startup_mini58series.o


==============================================================================

Image component sizes


      Code (inc. data)   RO Data    RW Data    ZI Data      Debug   Object Name

       296         48          0          0          0       4241   clk.o
       112          6          0          0          0       2709   i2c.o
       592        198          0         12          0     140083   main.o
       280        132          0          4          0       4838   retarget.o
        20          4        192          0        512        736   startup_mini58series.o
        28          0          0          0          0        526   sys.o
       168         30          0         16          0     135241   system_mini58series.o
       216         34          0          0          0       2124   uart.o

    ----------------------------------------------------------------------
      1712        452        224         32        512     290498   Object Totals
         0          0         32          0          0          0   (incl. Generated)
         0          0          0          0          0          0   (incl. Padding)

    ----------------------------------------------------------------------

      Code (inc. data)   RO Data    RW Data    ZI Data      Debug   Library Member Name

         0          0          0          0          0          0   entry.o
         0          0          0          0          0          0   entry10a.o
         0          0          0          0          0          0   entry11a.o
         8          4          0          0          0          0   entry2.o
         4          0          0          0          0          0   entry5.o
         0          0          0          0          0          0   entry7b.o
         0          0          0          0          0          0   entry8b.o
         8          4          0          0          0          0   entry9a.o
        30          0          0          0          0          0   handlers.o
        36          8          0          0          0         68   init.o
        32          0          0          0          0         68   llshl.o
        34          0          0          0          0         68   llushr.o
       764         52          0          0          0        168   printf5.o
        44          0          0          0          0         72   uidiv.o
        96          0          0          0          0         84   uldiv.o

    ----------------------------------------------------------------------
      1060         68          0          0          0        528   Library Totals
         4          0          0          0          0          0   (incl. Padding)

    ----------------------------------------------------------------------

      Code (inc. data)   RO Data    RW Data    ZI Data      Debug   Library Name

      1056         68          0          0          0        528   mc_p.l

    ----------------------------------------------------------------------
      1060         68          0          0          0        528   Library Totals

    ----------------------------------------------------------------------

==============================================================================


      Code (inc. data)   RO Data    RW Data    ZI Data      Debug   

      2772        520        224         32        512     290026   Grand Totals
      2772        520        224         32        512     290026   ELF Image Totals
      2772        520        224         32          0          0   ROM Totals

==============================================================================

    Total RO  Size (Code + RO Data)                 2996 (   2.93kB)
    Total RW  Size (RW Data + ZI Data)               544 (   0.53kB)
    Total ROM Size (Code + RO Data + RW Data)       3028 (   2.96kB)

==============================================================================

